../Drivers/CMSIS/Include/core_cm4.h:1856:26:NVIC_EncodePriority	2
../Drivers/STM32G4xx_HAL_Driver/Inc/stm32g4xx_ll_system.h:713:22:LL_SYSCFG_SetEXTISource	1
../Drivers/STM32G4xx_HAL_Driver/Inc/stm32g4xx_ll_gpio.h:285:22:LL_GPIO_SetPinMode	1
../Drivers/STM32G4xx_HAL_Driver/Inc/stm32g4xx_ll_gpio.h:496:22:LL_GPIO_SetPinPull	1
../Core/Src/main.c:528:13:MX_SPI1_Init	2
../Core/Src/main.c:214:6:SystemClock_Config	3
../Core/Src/main.c:445:6:MX_I2C2_Init	4
../Core/Src/main.c:126:5:main	64
../Core/Src/main.c:1787:6:Error_Handler	1
