../Drivers/CMSIS/Include/core_cm4.h:1667:26:__NVIC_GetPriorityGrouping	1
../Drivers/CMSIS/Include/core_cm4.h:1679:22:__NVIC_EnableIRQ	2
../Drivers/CMSIS/Include/core_cm4.h:1809:22:__NVIC_SetPriority	2
../Drivers/CMSIS/Include/core_cm4.h:1856:26:NVIC_EncodePriority	2
../Drivers/STM32G4xx_HAL_Driver/Inc/stm32g4xx_ll_tim.h:2204:22:LL_TIM_DisableARRPreload	1
../Drivers/STM32G4xx_HAL_Driver/Inc/stm32g4xx_ll_tim.h:2972:22:LL_TIM_OC_DisableFast	10
../Drivers/STM32G4xx_HAL_Driver/Inc/stm32g4xx_ll_tim.h:3024:22:LL_TIM_OC_EnablePreload	10
../Drivers/STM32G4xx_HAL_Driver/Inc/stm32g4xx_ll_tim.h:3933:22:LL_TIM_SetClockSource	1
../Drivers/STM32G4xx_HAL_Driver/Inc/stm32g4xx_ll_tim.h:3986:22:LL_TIM_SetTriggerOutput	1
../Drivers/STM32G4xx_HAL_Driver/Inc/stm32g4xx_ll_tim.h:4016:22:LL_TIM_SetTriggerOutput2	1
../Drivers/STM32G4xx_HAL_Driver/Inc/stm32g4xx_ll_tim.h:4092:22:LL_TIM_DisableMasterSlaveMode	1
../Drivers/STM32G4xx_HAL_Driver/Inc/stm32g4xx_ll_usart.h:628:22:LL_USART_Enable	1
../Drivers/STM32G4xx_HAL_Driver/Inc/stm32g4xx_ll_usart.h:679:22:LL_USART_DisableFIFO	1
../Drivers/STM32G4xx_HAL_Driver/Inc/stm32g4xx_ll_usart.h:712:22:LL_USART_SetTXFIFOThreshold	2
../Drivers/STM32G4xx_HAL_Driver/Inc/stm32g4xx_ll_usart.h:751:22:LL_USART_SetRXFIFOThreshold	2
../Drivers/STM32G4xx_HAL_Driver/Inc/stm32g4xx_ll_usart.h:2667:22:LL_USART_ConfigAsyncMode	1
../Drivers/STM32G4xx_HAL_Driver/Inc/stm32g4xx_ll_usart.h:3189:26:LL_USART_IsActiveFlag_TEACK	2
../Drivers/STM32G4xx_HAL_Driver/Inc/stm32g4xx_ll_usart.h:3200:26:LL_USART_IsActiveFlag_REACK	2
../Drivers/STM32G4xx_HAL_Driver/Inc/stm32g4xx_ll_system.h:713:22:LL_SYSCFG_SetEXTISource	2
../Drivers/STM32G4xx_HAL_Driver/Inc/stm32g4xx_ll_gpio.h:285:22:LL_GPIO_SetPinMode	3
../Drivers/STM32G4xx_HAL_Driver/Inc/stm32g4xx_ll_gpio.h:496:22:LL_GPIO_SetPinPull	3
../Drivers/STM32G4xx_HAL_Driver/Inc/stm32g4xx_ll_gpio.h:894:22:LL_GPIO_SetOutputPin	1
../Drivers/STM32G4xx_HAL_Driver/Inc/stm32g4xx_ll_gpio.h:923:22:LL_GPIO_ResetOutputPin	1
../Drivers/STM32G4xx_HAL_Driver/Inc/stm32g4xx_ll_bus.h:451:22:LL_AHB2_GRP1_EnableClock	1
../Drivers/STM32G4xx_HAL_Driver/Inc/stm32g4xx_ll_bus.h:913:22:LL_APB1_GRP1_EnableClock	1
../Drivers/STM32G4xx_HAL_Driver/Inc/stm32g4xx_ll_bus.h:1427:22:LL_APB2_GRP1_EnableClock	1
../Core/Src/main.c:126:5:main	1
../Core/Src/main.c:214:6:SystemClock_Config	3
../Core/Src/main.c:260:13:MX_ADC4_Init	4
../Core/Src/main.c:328:13:MX_CORDIC_Init	2
../Core/Src/main.c:354:13:MX_FDCAN2_Init	2
../Core/Src/main.c:397:13:MX_I2C1_Init	4
../Core/Src/main.c:445:6:MX_I2C2_Init	4
../Core/Src/main.c:493:13:MX_QUADSPI1_Init	2
../Core/Src/main.c:528:13:MX_SPI1_Init	2
../Core/Src/main.c:568:13:MX_TIM1_Init	4
../Core/Src/main.c:615:13:MX_TIM4_Init	6
../Core/Src/main.c:675:13:MX_TIM5_Init	8
../Core/Src/main.c:744:13:MX_TIM6_Init	3
../Core/Src/main.c:782:13:MX_TIM8_Init	1
../Core/Src/main.c:885:13:MX_TIM15_Init	7
../Core/Src/main.c:961:13:MX_TIM20_Init	10
../Core/Src/main.c:1058:13:MX_UART4_Init	5
../Core/Src/main.c:1106:13:MX_UART5_Init	5
../Core/Src/main.c:1154:13:MX_USART1_UART_Init	5
../Core/Src/main.c:1202:13:MX_USART2_UART_Init	5
../Core/Src/main.c:1250:13:MX_USART3_UART_Init	4
../Core/Src/main.c:1335:13:MX_DMA_Init	1
../Core/Src/main.c:1362:13:MX_FMC_Init	2
../Core/Src/main.c:1423:13:MX_GPIO_Init	1
../Core/Src/main.c:1787:6:Error_Handler	1
